Collecting pytest
  Using cached pytest-9.1.1-py3-none-any.whl.metadata (7.6 kB)
Collecting ruff
  Using cached ruff-0.16.9-py3-none-manylinux_2_17_x86_64.manylinux2014_x86_64.whl.metadata (20 kB)
Collecting fastapi[standard] (from -r requirements.txt (line 1))
  Using cached fastapi-0.141.1-py3-none-any.whl.metadata (27 kB)
Collecting iniconfig>=1.0.1 (from pytest)
  Using cached iniconfig-2.3.0-py3-none-any.whl.metadata (2.5 kB)
Collecting packaging>=22 (from pytest)
  Using cached packaging-26.3-py3-none-any.whl.metadata (3.5 kB)
Collecting pluggy<2,>=1.5 (from pytest)
  Using cached pluggy-1.6.0-py3-none-any.whl.metadata (4.8 kB)
Collecting pygments>=2.7.2 (from pytest)
  Using cached pygments-2.21.0-py3-none-any.whl.metadata (2.5 kB)
Collecting starlette>=0.46.0 (from fastapi[standard]->-r requirements.txt (line 1))
  Using cached starlette-1.7.0-py3-none-any.whl.metadata (6.6 kB)
Collecting pydantic>=2.9.0 (from fastapi[standard]->-r requirements.txt (line 1))
  Using cached pydantic-2.13.5-py3-none-any.whl.metadata (110 kB)
Collecting typing-extensions>=4.8.0 (from fastapi[standard]->-r requirements.txt (line 1))
  Using cached typing_extensions-4.16.0-py3-none-any.whl.metadata (3.3 kB)
Collecting typing-inspection>=0.4.2 (from fastapi[standard]->-r requirements.txt (line 1))
  Using cached typing_inspection-0.4.4-py3-none-any.whl.metadata (2.6 kB)
Collecting annotated-doc>=0.0.2 (from fastapi[standard]->-r requirements.txt (line 1))
  Using cached annotated_doc-0.0.5-py3-none-any.whl.metadata (6.5 kB)
Collecting fastapi-cli>=0.0.32 (from fastapi-cli[standard]>=0.0.32; extra == "standard"->fastapi[standard]->-r requirements.txt (line 1))
  Using cached fastapi_cli-0.0.32-py3-none-any.whl.metadata (6.7 kB)
Collecting fastar>=0.9.0 (from fastapi[standard]->-r requirements.txt (line 1))
  Using cached fastar-0.12.0-cp314-cp314-manylinux_2_17_x86_64.manylinux2014_x86_64.whl.metadata (4.1 kB)
Collecting httpx<1.0.0,>=0.23.0 (from fastapi[standard]->-r requirements.txt (line 1))
  Using cached httpx-0.28.1-py3-none-any.whl.metadata (7.1 kB)
Collecting jinja2>=3.1.5 (from fastapi[standard]->-r requirements.txt (line 1))
  Using cached jinja2-3.1.6-py3-none-any.whl.metadata (2.9 kB)
Collecting python-multipart>=0.0.18 (from fastapi[standard]->-r requirements.txt (line 1))
  Using cached python_multipart-0.0.32-py3-none-any.whl.metadata (2.1 kB)
Collecting email-validator>=2.0.0 (from fastapi[standard]->-r requirements.txt (line 1))
  Using cached email_validator-2.3.0-py3-none-any.whl.metadata (26 kB)
Collecting uvicorn>=0.12.0 (from uvicorn[standard]>=0.12.0; extra == "standard"->fastapi[standard]->-r requirements.txt (line 1))
  Using cached uvicorn-0.54.0-py3-none-any.whl.metadata (6.6 kB)
Collecting pydantic-settings>=2.0.0 (from fastapi[standard]->-r requirements.txt (line 1))
  Using cached pydantic_settings-2.15.0-py3-none-any.whl.metadata (3.9 kB)
Collecting pydantic-extra-types>=2.0.0 (from fastapi[standard]->-r requirements.txt (line 1))
  Using cached pydantic_extra_types-2.11.1-py3-none-any.whl.metadata (4.2 kB)
Collecting anyio (from httpx<1.0.0,>=0.23.0->fastapi[standard]->-r requirements.txt (line 1))
  Using cached anyio-4.15.1-py3-none-any.whl.metadata (4.7 kB)
Collecting certifi (from httpx<1.0.0,>=0.23.0->fastapi[standard]->-r requirements.txt (line 1))
  Using cached certifi-2026.7.22-py3-none-any.whl.metadata (2.5 kB)
Collecting httpcore==1.* (from httpx<1.0.0,>=0.23.0->fastapi[standard]->-r requirements.txt (line 1))
  Using cached httpcore-1.0.9-py3-none-any.whl.metadata (21 kB)
Collecting idna (from httpx<1.0.0,>=0.23.0->fastapi[standard]->-r requirements.txt (line 1))
  Using cached idna-3.20-py3-none-any.whl.metadata (7.2 kB)
Collecting h11>=0.16 (from httpcore==1.*->httpx<1.0.0,>=0.23.0->fastapi[standard]->-r requirements.txt (line 1))
  Using cached h11-0.16.0-py3-none-any.whl.metadata (8.3 kB)
Collecting dnspython>=2.0.0 (from email-validator>=2.0.0->fastapi[standard]->-r requirements.txt (line 1))
  Using cached dnspython-2.8.0-py3-none-any.whl.metadata (5.7 kB)
Collecting typer>=0.16.0 (from fastapi-cli>=0.0.32->fastapi-cli[standard]>=0.0.32; extra == "standard"->fastapi[standard]->-r requirements.txt (line 1))
  Using cached typer-0.27.2-py3-none-any.whl.metadata (16 kB)
Collecting rich-toolkit>=0.14.8 (from fastapi-cli>=0.0.32->fastapi-cli[standard]>=0.0.32; extra == "standard"->fastapi[standard]->-r requirements.txt (line 1))
  Using cached rich_toolkit-0.20.5-py3-none-any.whl.metadata (3.0 kB)
Collecting fastapi-cloud-cli>=0.1.1 (from fastapi-cli[standard]>=0.0.32; extra == "standard"->fastapi[standard]->-r requirements.txt (line 1))
  Using cached fastapi_cloud_cli-0.26.0-py3-none-any.whl.metadata (3.1 kB)
Collecting rignore>=0.5.1 (from fastapi-cloud-cli>=0.1.1->fastapi-cli[standard]>=0.0.32; extra == "standard"->fastapi[standard]->-r requirements.txt (line 1))
  Using cached rignore-0.8.1-cp314-cp314-manylinux_2_17_x86_64.manylinux2014_x86_64.whl.metadata (4.2 kB)
Collecting sentry-sdk>=2.20.0 (from fastapi-cloud-cli>=0.1.1->fastapi-cli[standard]>=0.0.32; extra == "standard"->fastapi[standard]->-r requirements.txt (line 1))
  Using cached sentry_sdk-2.70.0-py3-none-any.whl.metadata (11 kB)
Collecting detect-installer>=0.1.0 (from fastapi-cloud-cli>=0.1.1->fastapi-cli[standard]>=0.0.32; extra == "standard"->fastapi[standard]->-r requirements.txt (line 1))
  Using cached detect_installer-0.2.1-py3-none-any.whl.metadata (1.2 kB)
Collecting agent-detector>=1.1.0 (from fastapi-cloud-cli>=0.1.1->fastapi-cli[standard]>=0.0.32; extra == "standard"->fastapi[standard]->-r requirements.txt (line 1))
  Using cached agent_detector-2.0.0-py3-none-any.whl.metadata (6.6 kB)
Collecting MarkupSafe>=2.0 (from jinja2>=3.1.5->fastapi[standard]->-r requirements.txt (line 1))
  Using cached markupsafe-3.0.3-cp314-cp314-manylinux2014_x86_64.manylinux_2_17_x86_64.manylinux_2_28_x86_64.whl.metadata (2.7 kB)
Collecting annotated-types>=0.6.0 (from pydantic>=2.9.0->fastapi[standard]->-r requirements.txt (line 1))
  Using cached annotated_types-0.8.0-py3-none-any.whl.metadata (15 kB)
Collecting pydantic-core==2.46.5 (from pydantic>=2.9.0->fastapi[standard]->-r requirements.txt (line 1))
  Using cached pydantic_core-2.46.5-cp314-cp314-manylinux_2_17_x86_64.manylinux2014_x86_64.whl.metadata (6.6 kB)
Collecting python-dotenv>=0.21.0 (from pydantic-settings>=2.0.0->fastapi[standard]->-r requirements.txt (line 1))
  Using cached python_dotenv-1.2.3-py3-none-any.whl.metadata (29 kB)
Collecting click>=8.1.7 (from rich-toolkit>=0.14.8->fastapi-cli>=0.0.32->fastapi-cli[standard]>=0.0.32; extra == "standard"->fastapi[standard]->-r requirements.txt (line 1))
  Using cached click-8.5.0-py3-none-any.whl.metadata (2.6 kB)
Collecting rich>=13.7.1 (from rich-toolkit>=0.14.8->fastapi-cli>=0.0.32->fastapi-cli[standard]>=0.0.32; extra == "standard"->fastapi[standard]->-r requirements.txt (line 1))
  Using cached rich-15.0.0-py3-none-any.whl.metadata (18 kB)
Collecting markdown-it-py>=2.2.0 (from rich>=13.7.1->rich-toolkit>=0.14.8->fastapi-cli>=0.0.32->fastapi-cli[standard]>=0.0.32; extra == "standard"->fastapi[standard]->-r requirements.txt (line 1))
  Using cached markdown_it_py-4.2.0-py3-none-any.whl.metadata (7.4 kB)
Collecting mdurl~=0.1 (from markdown-it-py>=2.2.0->rich>=13.7.1->rich-toolkit>=0.14.8->fastapi-cli>=0.0.32->fastapi-cli[standard]>=0.0.32; extra == "standard"->fastapi[standard]->-r requirements.txt (line 1))
  Using cached mdurl-0.1.2-py3-none-any.whl.metadata (1.6 kB)
Collecting urllib3>=1.26.11 (from sentry-sdk>=2.20.0->fastapi-cloud-cli>=0.1.1->fastapi-cli[standard]>=0.0.32; extra == "standard"->fastapi[standard]->-r requirements.txt (line 1))
  Using cached urllib3-2.8.0-py3-none-any.whl.metadata (7.4 kB)
Collecting shellingham>=1.3.0 (from typer>=0.16.0->fastapi-cli>=0.0.32->fastapi-cli[standard]>=0.0.32; extra == "standard"->fastapi[standard]->-r requirements.txt (line 1))
  Using cached shellingham-1.5.4-py2.py3-none-any.whl.metadata (3.5 kB)
Collecting httptools>=0.8.0 (from uvicorn[standard]>=0.12.0; extra == "standard"->fastapi[standard]->-r requirements.txt (line 1))
  Using cached httptools-0.8.0-cp314-cp314-manylinux1_x86_64.manylinux_2_28_x86_64.manylinux_2_5_x86_64.whl.metadata (3.5 kB)
Collecting pyyaml>=5.1 (from uvicorn[standard]>=0.12.0; extra == "standard"->fastapi[standard]->-r requirements.txt (line 1))
  Using cached pyyaml-6.0.3-cp314-cp314-manylinux2014_x86_64.manylinux_2_17_x86_64.manylinux_2_28_x86_64.whl.metadata (2.4 kB)
Collecting uvloop>=0.15.1 (from uvicorn[standard]>=0.12.0; extra == "standard"->fastapi[standard]->-r requirements.txt (line 1))
  Using cached uvloop-0.22.1-cp314-cp314-manylinux2014_x86_64.manylinux_2_17_x86_64.manylinux_2_28_x86_64.whl.metadata (4.9 kB)
Collecting watchfiles>=0.20 (from uvicorn[standard]>=0.12.0; extra == "standard"->fastapi[standard]->-r requirements.txt (line 1))
  Using cached watchfiles-1.3.0-cp310-abi3-manylinux_2_17_x86_64.manylinux2014_x86_64.whl.metadata (4.9 kB)
Collecting websockets>=13.0 (from uvicorn[standard]>=0.12.0; extra == "standard"->fastapi[standard]->-r requirements.txt (line 1))
  Using cached websockets-17.1-cp314-cp314-manylinux1_x86_64.manylinux_2_28_x86_64.manylinux_2_5_x86_64.whl.metadata (6.3 kB)
Using cached pytest-9.1.1-py3-none-any.whl (386 kB)
Using cached pluggy-1.6.0-py3-none-any.whl (20 kB)
Using cached ruff-0.16.9-py3-none-manylinux_2_17_x86_64.manylinux2014_x86_64.whl (10.4 MB)
Using cached fastapi-0.141.1-py3-none-any.whl (131 kB)
Using cached httpx-0.28.1-py3-none-any.whl (73 kB)
Using cached httpcore-1.0.9-py3-none-any.whl (78 kB)
Using cached annotated_doc-0.0.5-py3-none-any.whl (5.3 kB)
Using cached email_validator-2.3.0-py3-none-any.whl (35 kB)
Using cached dnspython-2.8.0-py3-none-any.whl (331 kB)
Using cached fastapi_cli-0.0.32-py3-none-any.whl (14 kB)
Using cached fastapi_cloud_cli-0.26.0-py3-none-any.whl (108 kB)
Using cached agent_detector-2.0.0-py3-none-any.whl (9.4 kB)
Using cached detect_installer-0.2.1-py3-none-any.whl (5.4 kB)
Using cached fastar-0.12.0-cp314-cp314-manylinux_2_17_x86_64.manylinux2014_x86_64.whl (809 kB)
Using cached h11-0.16.0-py3-none-any.whl (37 kB)
Using cached idna-3.20-py3-none-any.whl (69 kB)
Using cached iniconfig-2.3.0-py3-none-any.whl (7.5 kB)
Using cached jinja2-3.1.6-py3-none-any.whl (134 kB)
Using cached markupsafe-3.0.3-cp314-cp314-manylinux2014_x86_64.manylinux_2_17_x86_64.manylinux_2_28_x86_64.whl (23 kB)
Using cached packaging-26.3-py3-none-any.whl (129 kB)
Using cached pydantic-2.13.5-py3-none-any.whl (472 kB)
Using cached pydantic_core-2.46.5-cp314-cp314-manylinux_2_17_x86_64.manylinux2014_x86_64.whl (2.1 MB)
Using cached annotated_types-0.8.0-py3-none-any.whl (13 kB)
Using cached pydantic_extra_types-2.11.1-py3-none-any.whl (79 kB)
Using cached pydantic_settings-2.15.0-py3-none-any.whl (69 kB)
Using cached pygments-2.21.0-py3-none-any.whl (1.3 MB)
Using cached python_dotenv-1.2.3-py3-none-any.whl (22 kB)
Using cached python_multipart-0.0.32-py3-none-any.whl (30 kB)
Using cached rich_toolkit-0.20.5-py3-none-any.whl (39 kB)
Using cached click-8.5.0-py3-none-any.whl (125 kB)
Using cached rich-15.0.0-py3-none-any.whl (310 kB)
Using cached markdown_it_py-4.2.0-py3-none-any.whl (91 kB)
Using cached mdurl-0.1.2-py3-none-any.whl (10.0 kB)
Using cached rignore-0.8.1-cp314-cp314-manylinux_2_17_x86_64.manylinux2014_x86_64.whl (929 kB)
Using cached sentry_sdk-2.70.0-py3-none-any.whl (531 kB)
Using cached starlette-1.7.0-py3-none-any.whl (78 kB)
Using cached anyio-4.15.1-py3-none-any.whl (132 kB)
Using cached typer-0.27.2-py3-none-any.whl (123 kB)
Using cached shellingham-1.5.4-py2.py3-none-any.whl (9.8 kB)
Using cached typing_extensions-4.16.0-py3-none-any.whl (45 kB)
Using cached typing_inspection-0.4.4-py3-none-any.whl (14 kB)
Using cached urllib3-2.8.0-py3-none-any.whl (135 kB)
Using cached uvicorn-0.54.0-py3-none-any.whl (87 kB)
Using cached httptools-0.8.0-cp314-cp314-manylinux1_x86_64.manylinux_2_28_x86_64.manylinux_2_5_x86_64.whl (481 kB)
Using cached pyyaml-6.0.3-cp314-cp314-manylinux2014_x86_64.manylinux_2_17_x86_64.manylinux_2_28_x86_64.whl (794 kB)
Using cached uvloop-0.22.1-cp314-cp314-manylinux2014_x86_64.manylinux_2_17_x86_64.manylinux_2_28_x86_64.whl (4.3 MB)
Using cached watchfiles-1.3.0-cp310-abi3-manylinux_2_17_x86_64.manylinux2014_x86_64.whl (458 kB)
Using cached websockets-17.1-cp314-cp314-manylinux1_x86_64.manylinux_2_28_x86_64.manylinux_2_5_x86_64.whl (224 kB)
Using cached certifi-2026.7.22-py3-none-any.whl (136 kB)
Installing collected packages: websockets, uvloop, urllib3, typing-extensions, shellingham, ruff, rignore, pyyaml, python-multipart, python-dotenv, pygments, pluggy, packaging, mdurl, MarkupSafe, iniconfig, idna, httptools, h11, fastar, dnspython, detect-installer, click, certifi, annotated-types, annotated-doc, agent-detector, uvicorn, typing-inspection, sentry-sdk, pytest, pydantic-core, markdown-it-py, jinja2, httpcore, email-validator, anyio, watchfiles, starlette, rich, pydantic, httpx, typer, rich-toolkit, pydantic-settings, pydantic-extra-types, fastapi, fastapi-cloud-cli, fastapi-cli

Successfully installed MarkupSafe-3.0.3 agent-detector-2.0.0 annotated-doc-0.0.5 annotated-types-0.8.0 anyio-4.15.1 certifi-2026.7.22 click-8.5.0 detect-installer-0.2.1 dnspython-2.8.0 email-validator-2.3.0 fastapi-0.141.1 fastapi-cli-0.0.32 fastapi-cloud-cli-0.26.0 fastar-0.12.0 h11-0.16.0 httpcore-1.0.9 httptools-0.8.0 httpx-0.28.1 idna-3.20 iniconfig-2.3.0 jinja2-3.1.6 markdown-it-py-4.2.0 mdurl-0.1.2 packaging-26.3 pluggy-1.6.0 pydantic-2.13.5 pydantic-core-2.46.5 pydantic-extra-types-2.11.1 pydantic-settings-2.15.0 pygments-2.21.0 pytest-9.1.1 python-dotenv-1.2.3 python-multipart-0.0.32 pyyaml-6.0.3 rich-15.0.0 rich-toolkit-0.20.5 rignore-0.8.1 ruff-0.16.9 sentry-sdk-2.70.0 shellingham-1.5.4 starlette-1.7.0 typer-0.27.2 typing-extensions-4.16.0 typing-inspection-0.4.4 urllib3-2.8.0 uvicorn-0.54.0 uvloop-0.22.1 watchfiles-1.3.0 websockets-17.1
