$ node scripts/check-fixture-build.mjs
$ node scripts/build.mjs
15:13:23 [content] Syncing content
15:13:23 [WARN] [resilient-posts-loader] 6 fallback(s), 0 skipped post(s). See _build-report.json.
15:13:23 [content] Synced content
15:13:23 [types] Generated 757ms
15:13:23 [build] output: "static"
15:13:23 [build] mode: "static"
15:13:23 [build] directory: /tmp/ocb-hardening-fresh-final/.fixture-build-vJqsjo/dist/
15:13:23 [build] Collecting build info...
15:13:23 [build] ✓ Completed in 781ms.
15:13:23 [build] Building static entrypoints...
15:13:24 [vite] ✓ built in 232ms
15:13:24 [vite] ✓ built in 47ms
15:13:24 [build] Rearranging server assets...

 generating static routes
15:13:24   ├─ /404.html (+15ms)
15:13:24   ├─ /posts/empty-file/index.html (+4ms)
15:13:24   ├─ /posts/malformed-date/index.html (+3ms)
15:13:24   ├─ /posts/no-frontmatter/index.html (+3ms)
15:13:24   ├─ /posts/long-form/index.html (+2ms)
15:13:24   ├─ /posts/tagged-post/index.html (+2ms)
15:13:24   ├─ /posts/cafe-notes/index.html (+2ms)
15:13:24   ├─ /posts/missing-title/index.html (+2ms)
15:13:24   ├─ /rss.xml (+35ms)
15:13:24   ├─ /tags/guides/index.html (+3ms)
15:13:24   ├─ /tags/news/index.html (+2ms)
15:13:24   ├─ /index.html (+5ms)
15:13:24 ✓ Completed in 112ms.

15:13:24 [build] ✓ Completed in 437ms.
15:13:24 [@astrojs/sitemap] `sitemap-index.xml` created at `../../dist`
15:13:24 [build] 11 page(s) built in 1.23s
15:13:24 [build] Complete!
Fixture build passed: external config and output, clean web/, 7 published posts, RSS, and dynamic sitemap routes.
{
  "loaded": 8,
  "fallbacks": [
    {
      "file": "empty-file.md",
      "field": "title",
      "reason": "Missing or invalid title",
      "value": "empty-file"
    },
    {
      "file": "empty-file.md",
      "field": "date",
      "reason": "Missing or unparseable date",
      "value": "2026-09-25T15:11:24.147Z"
    },
    {
      "file": "malformed-date.md",
      "field": "date",
      "reason": "Missing or unparseable date",
      "value": "2026-09-25T15:11:24.147Z"
    },
    {
      "file": "missing-title.md",
      "field": "title",
      "reason": "Missing or invalid title",
      "value": "missing-title"
    },
    {
      "file": "no-frontmatter.md",
      "field": "title",
      "reason": "Missing or invalid title",
      "value": "no-frontmatter"
    },
    {
      "file": "no-frontmatter.md",
      "field": "date",
      "reason": "Missing or unparseable date",
      "value": "2026-09-25T15:11:24.147Z"
    }
  ],
  "skipped": []
}
