✓ Lockfile passes supply-chain policies (verified 29m ago)
Lockfile is up to date, resolution step is skipped
Progress: resolved 1, reused 0, downloaded 0, added 0
Packages: +304
++++++++++++++++++++++++++++++++++++++++++++++++++++++++++++++++++++++++++++++++
Progress: resolved 304, reused 304, downloaded 0, added 304, done

dependencies:
+ @astrojs/alpinejs 1.0.0
+ @astrojs/mdx 8.0.0
+ @astrojs/rss 4.0.19
+ @astrojs/sitemap 3.7.4
+ @types/alpinejs 3.13.11
+ alpinejs 3.17.1
+ astro 7.2.10
+ sanitize-html 2.17.7
+ yaml 2.9.1

devDependencies:
+ @astrojs/check 0.9.10
+ @types/sanitize-html 2.16.1
+ prettier 3.9.8
+ prettier-plugin-astro 1.0.1
+ typescript 6.0.3

Done in 1.2s using pnpm v11.7.0
